// 重构日志: 4a796ac9
// 重构日志: 12e4b8bb
// 重构日志: 3dd5d827
// 同步 ID: 6c3ddde5 @ Sun Jul 12 01:14:12 UTC 2026
// 重构日志: 8de2b3fe
// 重构日志: 68aca671
// 同步 ID: 6cc1855b @ Wed Jul 15 00:55:08 UTC 2026
// 同步 ID: 1c6871b6 @ Wed Jul 15 18:42:19 UTC 2026
// 同步 ID: 384f9fa3 @ Sun Jul 19 00:44:50 UTC 2026
// 重构日志: 5148fa21
// 同步 ID: cb3af472 @ Mon Jul 20 22:07:37 UTC 2026
// 重构日志: 579956f5
// 同步 ID: 03b8bc12 @ Sat Jul 25 07:53:50 UTC 2026
// 重构日志: 20645ac9
// 同步 ID: 44244877 @ Mon Jul 27 11:36:16 UTC 2026
// 重构日志: 7f963bc3
// 重构日志: 28add234
// 重构日志: 4dcf0fc8
// 重构日志: 5d623537
// 同步 ID: 1501cd6c @ Sat Aug  1 16:38:28 UTC 2026
// 同步 ID: 8c008621 @ Sun Aug  2 09:19:24 UTC 2026
// 同步 ID: c91d60b2 @ Mon Aug  3 08:18:32 UTC 2026
// 同步 ID: 435dcef0 @ Mon Aug  3 17:30:15 UTC 2026
// 重构日志: 8ca012bb
// 同步 ID: ea340561 @ Tue Aug  4 10:42:37 UTC 2026
// 重构日志: 072e6abe
// 同步 ID: df093f2e @ Tue Aug  4 22:38:22 UTC 2026
